{
    "start": "2024-04-10T23:00:00Z",
    "end": "2024-04-10T23:00:00Z",
    "realm": "Remiges",
    "app": "tnt",
    "entryRulesetID": 1,
    "entryRulesetName": "finance",
    "tracedata": [
        {
            "id": 1,
            "setName": "finance",
            "rules": [
                { "r": 0, "res": "-" },
                { "r": 1, "res": "+" },
                { "r": 2, "res": "-" },
                { "r": 3, "res": "-" },
                { "r": 4, "res": "-" },
                { "r": 5, "res": "-" },
                { "r": 6, "res": "-" }
            ]
        }
    ]
}
